[gtps6.com/index.html]
[backblue.gif]
[fade.gif]
[index.html]
[cdn.jsdelivr.net/npm/@mdi/font@6.9.96/css/materialdesignicons.min.css]
[cdnjs.cloudflare.com/ajax/libs/izimodal/1.6.1/css/iziModal.min.css]
[cdnjs.cloudflare.com/ajax/libs/izitoast/1.4.0/css/iziToast.min.css]
[cdn.sundei.eu/gtpscdn/style.min.css]
[cdn.sundei.eu/gtpscdn/style.css]
[cdn.sundei.eu/gtpscdn/wl.png]
[www.google-analytics.com/ga.js]
[www.clarity.ms/s/0.7.8/clarity.js]
[ssl.google-analytics.com/ga.js]
[gtps6.com/checkout/logout.9.delayed]
[gtps6.com/account/index.html]
[cdn.sundei.eu/gtpscdn/normal_player.png]
[cdn.sundei.eu/gtpscdn/gtps6.png]
[cdn.sundei.eu/gtpscdn/golden_player.png]
[gtps6.com/discord]
[s3.eu-west-1.amazonaws.com/cdn.growtopiagame.com/forums/theme/v2/Assets/Icons/grow_forum_icons_announcement.png]
[s3.eu-west-1.amazonaws.com/cdn.growtopiagame.com/forums/theme/v2/Assets/Icons/grow_forum_icons_Buying.png]
[gtps6.com/updates/index.html]
[s3.eu-west-1.amazonaws.com/cdn.growtopiagame.com/forums/theme/v2/Assets/Icons/grow_forum_icons_update.png]
[gtps6.com/tutorial/index.html]
[s3.eu-west-1.amazonaws.com/cdn.growtopiagame.com/forums/theme/v2/Assets/Icons/grow_forum_icons_guidebook.png]
[cdn.sundei.eu/gtpscdn/top_player.png]
[s3.eu-west-1.amazonaws.com/cdn.growtopiagame.com/forums/theme/v2/Assets/Icons/grow_forum_icons_banned.png]
[gtps6.com/cdn-cgi/l/email-protection.html]
[i.ibb.co/SwZ2723/paymentmethds.png]
[gtps6.com/cdn-cgi/scripts/5c5dd728/cloudflare-static/email-decode.min.js]
[gtps6.com/cdn-cgi/challenge-platform/scripts/jsd/main.js]
[gtps6.com/index.html]
[cdn.jsdelivr.net/npm/@mdi/font@6.9.96/css/materialdesignicons.min.css]
[cdnjs.cloudflare.com/ajax/libs/izimodal/1.6.1/css/iziModal.min.css]
[cdnjs.cloudflare.com/ajax/libs/izitoast/1.4.0/css/iziToast.min.css]
[cdn.sundei.eu/gtpscdn/style.min.css]
[gtps6.com/cdn-cgi/challenge-platform/h/g/scripts/jsd/74bd6362/main.js]
[cdn.sundei.eu/gtpscdn/style.css]
[gtps6.com/checkout/logout.html]
[gtps6.com/account/index.html]
[gtps6.com/discord.html]
[gtps6.com/updates/account/index.html]
[gtps6.com/updates/index.html]
[gtps6.com/tutorial/account/index.html]
[gtps6.com/tutorial/index.html]
[gtps6.com/cdn-cgi/l/email-protection.html]
[cdn.sundei.eu/images/background.html]
[gtps6.com/updates/account/index.html]
[gtps6.com/tutorial/account/index.html]
